{"level":40,"time":1781190579421,"pid":5224,"hostname":"YogaBook9i","app":"Mages Profile","payload":{"statusCode":404,"description":"Next.js not-found boundary rendered."},"msg":"Not found boundary rendered: "}
{"level":30,"time":1781190579424,"pid":5224,"hostname":"YogaBook9i","msg":"2026-06-11 - 12:09:39"}
{"level":40,"time":1781190579424,"pid":5224,"hostname":"YogaBook9i","app":"Mages Profile","payload":{"statusCode":404,"description":"Next.js not-found boundary rendered."},"msg":"Not found boundary rendered: "}
{"level":30,"time":1781190579424,"pid":5224,"hostname":"YogaBook9i","msg":"2026-06-11 - 12:09:39"}
{"level":40,"time":1781190579533,"pid":5224,"hostname":"YogaBook9i","app":"Mages Profile","payload":{"statusCode":404,"description":"Next.js not-found boundary rendered."},"msg":"Not found boundary rendered: "}
{"level":30,"time":1781190579533,"pid":5224,"hostname":"YogaBook9i","msg":"2026-06-11 - 12:09:39"}
{"level":40,"time":1781190579533,"pid":5224,"hostname":"YogaBook9i","app":"Mages Profile","payload":{"statusCode":402,"description":"Payment required page displayed to the user."},"msg":"Error page rendered: "}
{"level":30,"time":1781190579533,"pid":5224,"hostname":"YogaBook9i","msg":"2026-06-11 - 12:09:39"}
{"level":40,"time":1781190579557,"pid":5224,"hostname":"YogaBook9i","app":"Mages Profile","payload":{"statusCode":404,"description":"Next.js not-found boundary rendered."},"msg":"Not found boundary rendered: "}
{"level":30,"time":1781190579557,"pid":5224,"hostname":"YogaBook9i","msg":"2026-06-11 - 12:09:39"}
{"level":40,"time":1781190579558,"pid":5224,"hostname":"YogaBook9i","app":"Mages Profile","payload":{"statusCode":403,"description":"Forbidden page displayed to the user."},"msg":"Error page rendered: "}
{"level":30,"time":1781190579558,"pid":5224,"hostname":"YogaBook9i","msg":"2026-06-11 - 12:09:39"}
{"level":40,"time":1781190579571,"pid":5224,"hostname":"YogaBook9i","app":"Mages Profile","payload":{"statusCode":404,"description":"Next.js not-found boundary rendered."},"msg":"Not found boundary rendered: "}
{"level":30,"time":1781190579571,"pid":5224,"hostname":"YogaBook9i","msg":"2026-06-11 - 12:09:39"}
{"level":40,"time":1781190579572,"pid":5224,"hostname":"YogaBook9i","app":"Mages Profile","payload":{"statusCode":404,"description":"Not found page displayed to the user."},"msg":"Error page rendered: "}
{"level":30,"time":1781190579572,"pid":5224,"hostname":"YogaBook9i","msg":"2026-06-11 - 12:09:39"}
{"level":40,"time":1781190579584,"pid":5224,"hostname":"YogaBook9i","app":"Mages Profile","payload":{"statusCode":404,"description":"Next.js not-found boundary rendered."},"msg":"Not found boundary rendered: "}
{"level":30,"time":1781190579584,"pid":5224,"hostname":"YogaBook9i","msg":"2026-06-11 - 12:09:39"}
{"level":50,"time":1781190579585,"pid":5224,"hostname":"YogaBook9i","app":"Mages Profile","payload":{"statusCode":500,"description":"Internal server error page displayed to the user."},"msg":"Error page rendered: "}
{"level":30,"time":1781190579585,"pid":5224,"hostname":"YogaBook9i","msg":"2026-06-11 - 12:09:39"}
